
Allocating common symbols
Common symbol       size              file

netbufpool          0x4               binaries/net.o
readylist           0x2               binaries/ready.o
rfltab              0x5a0             binaries/rflinit.o
b_frames            0x4               binaries/init_paging.o
sleepq              0x2               binaries/clkinit.o
pd_g_addr           0x4               binaries/init_paging.o
PAGE_SERVER_STATUS  0x1               binaries/initialize.o
nnames              0x4               binaries/naminit.o
udptab              0x168             binaries/udp.o
pt_a_addr           0x4               binaries/init_paging.o
minheap             0x4               binaries/meminit.o
marks               0x50              binaries/mark.o
f_addr              0x4               binaries/init_paging.o
currpid             0x4               binaries/initialize.o
Lf_data             0x20c             binaries/lfsinit.o
porttab             0x2d0             binaries/ptinit.o
girmask             0x2               binaries/evec.o
ttytab              0x10c             binaries/ttyinit.o
bs_sem              0x4               binaries/psinit.o
proctab             0x1900            binaries/initialize.o
b_addr              0x4               binaries/init_paging.o
e2_frames           0x4               binaries/init_paging.o
prcount             0x4               binaries/initialize.o
e2_addr             0x4               binaries/init_paging.o
pt_m_addr           0x4               binaries/init_paging.o
a_frames            0x4               binaries/init_paging.o
lfltab              0xf00             binaries/lflinit.o
rdstab              0x8c              binaries/rdsinit.o
ethertab            0x138             binaries/ethinit.o
d_frames            0x4               binaries/init_paging.o
c_frames            0x4               binaries/init_paging.o
NetData             0xa8              binaries/net.o
g_frames            0x4               binaries/init_paging.o
c_addr              0x4               binaries/init_paging.o
nmarks              0x4               binaries/mark.o
Defer               0x8               binaries/resched.o
semtab              0x4b0             binaries/initialize.o
pt_g_addr           0x4               binaries/init_paging.o
maxheap             0x4               binaries/meminit.o
preempt             0x4               binaries/clkinit.o
buftab              0xf0              binaries/bufinit.o
Rf_data             0x18              binaries/rfsinit.o
g_addr              0x4               binaries/init_paging.o
mkmutex             0x4               binaries/mark.o
dtable              0x3e80            binaries/init_paging.o
bstab               0x80              binaries/psinit.o
clktime             0x4               binaries/clkinit.o
e1_frames           0x4               binaries/init_paging.o
arpcache            0x140             binaries/arp.o
icmptab             0x230             binaries/icmp.o
a_addr              0x4               binaries/init_paging.o
nbpools             0x4               binaries/bufinit.o
f_frames            0x4               binaries/init_paging.o
queuetab            0x980             binaries/queue.o
ptnextid            0x4               binaries/ptinit.o
Ram                 0x19000           binaries/raminit.o
ipoqueue            0x2c              binaries/ip.o
bs_init_sem         0x4               binaries/initialize.o
pd_n_addr           0x4               binaries/init_paging.o
e1_addr             0x4               binaries/init_paging.o
memlist             0x8               binaries/initialize.o
nametab             0x19a0            binaries/naminit.o
ptfree              0x4               binaries/ptinit.o
d_addr              0x4               binaries/init_paging.o

Memory Configuration

Name             Origin             Length             Attributes
*default*        0x0000000000000000 0xffffffffffffffff

Linker script and memory map

                0x0000000000100000                physbase = 0x100000
                0x0000000000100000                . = physbase
                0x0000000000100000                . = ALIGN (0x1000)

.text           0x0000000000100000    0x1a000
                0x0000000000100000                text = ABSOLUTE (.)
 *(.text .text.*)
 .text          0x0000000000100000      0x148 binaries/start.o
                0x0000000000100024                start
                0x0000000000100096                inb
                0x000000000010009e                inw
                0x00000000001000a7                inl
                0x00000000001000af                outb
                0x00000000001000b9                outw
                0x00000000001000c4                outl
                0x00000000001000ce                _rtcin
                0x00000000001000d9                ___udivsi3
                0x00000000001000e4                ___divsi3
                0x00000000001000f0                sbzero
                0x0000000000100100                bcopy
                0x0000000000100114                insw
                0x000000000010012a                outsw
                0x0000000000100140                lidt
 .text          0x0000000000100148      0x405 binaries/ascdate.o
                0x0000000000100148                ascdate
 .text          0x000000000010054d       0x14 binaries/bufinit.o
                0x000000000010054d                bufinit
 .text          0x0000000000100561       0x79 binaries/chprio.o
                0x0000000000100561                chprio
 .text          0x00000000001005da       0x96 binaries/clkhandler.o
                0x00000000001005da                clkhandler
 .text          0x0000000000100670       0x89 binaries/clkinit.o
                0x0000000000100670                clkinit
 .text          0x00000000001006f9       0x6a binaries/close.o
                0x00000000001006f9                close
 .text          0x0000000000100763        0x0 binaries/conf.o
 .text          0x0000000000100763       0x7f binaries/control.o
                0x0000000000100763                control
 .text          0x00000000001007e2      0x2a0 binaries/create.o
                0x00000000001007e2                create
 .text          0x0000000000100a82      0x35f binaries/early_imr.o
                0x0000000000100a82                intel_cln_early_sb_read_reg
                0x0000000000100b06                intel_cln_early_sb_write_reg
                0x0000000000100d1e                remove_irm_protections
 .text          0x0000000000100de1      0x467 binaries/evec.o
                0x0000000000100de1                initevec
                0x0000000000100eff                set_evec
                0x0000000000100fa1                setirmask
                0x0000000000100ffb                trap
 .text          0x0000000000101248       0x82 binaries/freebuf.o
                0x0000000000101248                freebuf
 .text          0x00000000001012ca      0x167 binaries/freemem.o
                0x00000000001012ca                freemem
 .text          0x0000000000101431       0x80 binaries/getbuf.o
                0x0000000000101431                getbuf
 .text          0x00000000001014b1       0x6a binaries/getc.o
                0x00000000001014b1                getc
 .text          0x000000000010151b       0x72 binaries/getdev.o
                0x000000000010151b                getdev
 .text          0x000000000010158d       0xc8 binaries/getitem.o
                0x000000000010158d                getfirst
                0x00000000001015ce                getlast
                0x0000000000101611                getitem
 .text          0x0000000000101655       0xfb binaries/getmem.o
                0x0000000000101655                getmem
 .text          0x0000000000101750        0xa binaries/getpid.o
                0x0000000000101750                getpid
 .text          0x000000000010175a       0x61 binaries/getprio.o
                0x000000000010175a                getprio
 .text          0x00000000001017bb       0xf2 binaries/getstk.o
                0x00000000001017bb                getstk
 .text          0x00000000001018ad       0x36 binaries/gettime.o
                0x00000000001018ad                gettime
 .text          0x00000000001018e3      0x1c8 binaries/getutime.o
                0x00000000001018e3                getutime
 .text          0x0000000000101aab       0x6a binaries/init.o
                0x0000000000101aab                init
 .text          0x0000000000101b15      0x326 binaries/initialize.o
                0x0000000000101b15                nulluser
                0x0000000000101de6                stop
                0x0000000000101e0d                delay
 .text          0x0000000000101e3b      0x651 binaries/init_paging.o
                0x0000000000101e3b                init_paging
                0x0000000000101e76                init_globals
                0x0000000000101fde                init_paging_structs
                0x000000000010203b                alloc_dtable_pd
                0x000000000010206c                alloc_dtable_shared_pts
                0x00000000001020b2                new_dtable_entry
                0x00000000001020df                get_d_entry
                0x0000000000102120                init_shared_pts
                0x000000000010218a                init_pd
                0x0000000000102204                enable_paging
                0x000000000010221c                print_mem
                0x0000000000102254                print_mem_regions
                0x00000000001023c5                print_dtable
                0x0000000000102441                print_proc_dinfo
 .text          0x000000000010248c       0xd3 binaries/insert.o
                0x000000000010248c                insert
 .text          0x000000000010255f      0x105 binaries/insertd.o
                0x000000000010255f                insertd
 .text          0x0000000000102664        0xa binaries/ioerr.o
                0x0000000000102664                ioerr
 .text          0x000000000010266e        0xa binaries/ionull.o
                0x000000000010266e                ionull
 .text          0x0000000000102678      0x174 binaries/kill.o
                0x0000000000102678                kill
 .text          0x00000000001027ec      0x12c binaries/kprintf.o
                0x00000000001027ec                console_init
                0x000000000010283f                kputc
                0x0000000000102899                kgetc
                0x00000000001028eb                kprintf
 .text          0x0000000000102918       0x21 binaries/main.o
                0x0000000000102918                main
 .text          0x0000000000102939       0xac binaries/mark.o
                0x0000000000102939                markinit
                0x000000000010295c                mark
 .text          0x00000000001029e5      0x14d binaries/meminit.o
                0x00000000001029e5                meminit
                0x0000000000102a69                setsegs
 .text          0x0000000000102b32      0x144 binaries/mkbufpool.o
                0x0000000000102b32                mkbufpool
 .text          0x0000000000102c76       0x94 binaries/newqueue.o
                0x0000000000102c76                newqueue
 .text          0x0000000000102d0a       0x78 binaries/open.o
                0x0000000000102d0a                open
 .text          0x0000000000102d82       0x20 binaries/panic.o
                0x0000000000102d82                panic
 .text          0x0000000000102da2      0x47c binaries/pci.o
                0x0000000000102da2                pci_init
                0x0000000000102e2c                find_pci_device
                0x0000000000102f1c                pci_read_config_byte
                0x0000000000102f88                pci_read_config_word
                0x0000000000102ff6                pci_read_config_dword
                0x0000000000103062                pci_write_config_byte
                0x00000000001030d2                pci_write_config_word
                0x0000000000103144                pci_write_config_dword
                0x00000000001031ae                pci_get_dev_mmio_base_addr
 .text          0x000000000010321e       0x64 binaries/platinit.o
                0x000000000010321e                platinit
 .text          0x0000000000103282       0xe6 binaries/ptclear.o
                0x0000000000103282                _ptclear
 .text          0x0000000000103368       0x8f binaries/ptcount.o
                0x0000000000103368                ptcount
 .text          0x00000000001033f7      0x105 binaries/ptcreate.o
                0x00000000001033f7                ptcreate
 .text          0x00000000001034fc       0x80 binaries/ptdelete.o
                0x00000000001034fc                ptdelete
 .text          0x000000000010357c       0xb7 binaries/ptinit.o
                0x000000000010357c                ptinit
 .text          0x0000000000103633      0x1ab binaries/pt_list.o
                0x0000000000103633                print_pts
                0x0000000000103680                insert_pt
                0x00000000001036c3                isempty_pt
                0x00000000001036df                find_pt
                0x0000000000103736                delete_pt
 .text          0x00000000001037de      0x10a binaries/ptrecv.o
                0x00000000001037de                ptrecv
 .text          0x00000000001038e8       0x78 binaries/ptreset.o
                0x00000000001038e8                ptreset
 .text          0x0000000000103960      0x128 binaries/ptsend.o
                0x0000000000103960                ptsend
 .text          0x0000000000103a88       0x78 binaries/putc.o
                0x0000000000103a88                putc
 .text          0x0000000000103b00       0xdf binaries/quark_irq.o
                0x0000000000103b00                quark_irq_routing
 .text          0x0000000000103bdf      0x206 binaries/quark_pdat.o
                0x0000000000103bdf                get_quark_pdat_entry_data_by_id
                0x0000000000103cdb                get_quark_pdat_entry_data_by_desc
 .text          0x0000000000103de5       0xfe binaries/queue.o
                0x0000000000103de5                enqueue
                0x0000000000103e7a                dequeue
 .text          0x0000000000103ee3       0x78 binaries/read.o
                0x0000000000103ee3                read
 .text          0x0000000000103f5b       0x6e binaries/ready.o
                0x0000000000103f5b                ready
 .text          0x0000000000103fc9       0x55 binaries/receive.o
                0x0000000000103fc9                receive
 .text          0x000000000010401e       0x51 binaries/recvclr.o
                0x000000000010401e                recvclr
 .text          0x000000000010406f       0xb0 binaries/recvtime.o
                0x000000000010406f                recvtime
 .text          0x000000000010411f      0x152 binaries/resched.o
                0x000000000010411f                resched
                0x00000000001041fc                resched_cntl
 .text          0x0000000000104271       0x90 binaries/resume.o
                0x0000000000104271                resume
 .text          0x0000000000104301       0x71 binaries/seek.o
                0x0000000000104301                seek
 .text          0x0000000000104372       0x69 binaries/semcount.o
                0x0000000000104372                semcount
 .text          0x00000000001043db       0xcf binaries/semcreate.o
                0x00000000001043db                semcreate
 .text          0x00000000001044aa       0xba binaries/semdelete.o
                0x00000000001044aa                semdelete
 .text          0x0000000000104564       0xbc binaries/semreset.o
                0x0000000000104564                semreset
 .text          0x0000000000104620       0xd0 binaries/send.o
                0x0000000000104620                send
 .text          0x00000000001046f0       0x97 binaries/signal.o
                0x00000000001046f0                signal
 .text          0x0000000000104787       0xc3 binaries/signaln.o
                0x0000000000104787                signaln
 .text          0x000000000010484a       0xd0 binaries/sleep.o
                0x000000000010484a                sleep
                0x000000000010488e                sleepms
 .text          0x000000000010491a      0x1af binaries/stacktrace.o
                0x000000000010491a                stacktrace
 .text          0x0000000000104ac9       0xc3 binaries/suspend.o
                0x0000000000104ac9                suspend
 .text          0x0000000000104b8c       0xc8 binaries/unsleep.o
                0x0000000000104b8c                unsleep
 .text          0x0000000000104c54       0x15 binaries/userret.o
                0x0000000000104c54                userret
 .text          0x0000000000104c69       0xc9 binaries/wait.o
                0x0000000000104c69                wait
 .text          0x0000000000104d32       0x68 binaries/wakeup.o
                0x0000000000104d32                wakeup
 .text          0x0000000000104d9a       0x78 binaries/write.o
                0x0000000000104d9a                write
 .text          0x0000000000104e12       0x19 binaries/xdone.o
                0x0000000000104e12                xdone
 .text          0x0000000000104e2b       0x25 binaries/yield.o
                0x0000000000104e2b                yield
 .text          0x0000000000104e50       0x11 binaries/abs.o
                0x0000000000104e50                abs
 .text          0x0000000000104e61       0x8f binaries/atoi.o
                0x0000000000104e61                atoi
 .text          0x0000000000104ef0       0x8f binaries/atol.o
                0x0000000000104ef0                atol
 .text          0x0000000000104f7f       0x31 binaries/bzero.o
                0x0000000000104f7f                bzero
 .text          0x0000000000104fb0        0x0 binaries/ctype_.o
 .text          0x0000000000104fb0      0x785 binaries/doprnt.o
                0x0000000000104fb0                _doprnt
 .text          0x0000000000105735      0x6a2 binaries/doscan.o
                0x0000000000105735                _doscan
 .text          0x0000000000105dd7      0x723 binaries/fdoprnt.o
                0x0000000000105dd7                _fdoprnt
 .text          0x00000000001064fa       0x26 binaries/fgetc.o
                0x00000000001064fa                fgetc
 .text          0x0000000000106520       0x72 binaries/fgets.o
                0x0000000000106520                fgets
 .text          0x0000000000106592       0x34 binaries/fprintf.o
                0x0000000000106592                fprintf
 .text          0x00000000001065c6       0x2c binaries/fputc.o
                0x00000000001065c6                fputc
 .text          0x00000000001065f2       0x43 binaries/fputs.o
                0x00000000001065f2                fputs
 .text          0x0000000000106635       0x92 binaries/fscanf.o
                0x0000000000106635                fscanf
 .text          0x00000000001066c7       0x22 binaries/getchar.o
                0x00000000001066c7                getchar
 .text          0x00000000001066e9       0x11 binaries/labs.o
                0x00000000001066e9                labs
 .text          0x00000000001066fa       0x3a binaries/memchr.o
                0x00000000001066fa                memchr
 .text          0x0000000000106734       0x51 binaries/memcmp.o
                0x0000000000106734                memcmp
 .text          0x0000000000106785       0x3f binaries/memcpy.o
                0x0000000000106785                memcpy
 .text          0x00000000001067c4       0x30 binaries/memset.o
                0x00000000001067c4                memset
 .text          0x00000000001067f4       0x45 binaries/printf.o
                0x00000000001067f4                printf
 .text          0x0000000000106839       0x29 binaries/putchar.o
                0x0000000000106839                putchar
 .text          0x0000000000106862      0x28c binaries/qsort.o
                0x0000000000106862                qsort
 .text          0x0000000000106aee       0x5b binaries/rand.o
                0x0000000000106aee                srand
                0x0000000000106afb                rand
 .text          0x0000000000106b49       0x6f binaries/sprintf.o
                0x0000000000106b49                sprintf
 .text          0x0000000000106bb8       0x7f binaries/sscanf.o
                0x0000000000106bb8                sscanf
 .text          0x0000000000106c37       0x3c binaries/strchr.o
                0x0000000000106c37                strchr
 .text          0x0000000000106c73       0x45 binaries/strcmp.o
                0x0000000000106c73                strcmp
 .text          0x0000000000106cb8       0x27 binaries/strcpy.o
                0x0000000000106cb8                strcpy
 .text          0x0000000000106cdf       0x26 binaries/strlen.o
                0x0000000000106cdf                strlen
 .text          0x0000000000106d05       0x56 binaries/strncat.o
                0x0000000000106d05                strncat
 .text          0x0000000000106d5b       0x5e binaries/strncmp.o
                0x0000000000106d5b                strncmp
 .text          0x0000000000106db9       0x4f binaries/strncpy.o
                0x0000000000106db9                strncpy
 .text          0x0000000000106e08       0x2e binaries/strnlen.o
                0x0000000000106e08                strnlen
 .text          0x0000000000106e36       0x45 binaries/strrchr.o
                0x0000000000106e36                strrchr
 .text          0x0000000000106e7b       0x6d binaries/strstr.o
                0x0000000000106e7b                strstr
 .text          0x0000000000106ee8       0xdc binaries/ttycontrol.o
                0x0000000000106ee8                ttycontrol
 .text          0x0000000000106fc4       0x97 binaries/ttygetc.o
                0x0000000000106fc4                ttygetc
 .text          0x000000000010705b      0x736 binaries/ttyhandle_in.o
                0x000000000010705b                ttyhandle_in
 .text          0x0000000000107791      0x17b binaries/ttyhandle_out.o
                0x0000000000107791                ttyhandle_out
 .text          0x000000000010790c       0xbe binaries/ttyhandler.o
                0x000000000010790c                ttyhandler
 .text          0x00000000001079ca      0x1e1 binaries/ttyinit.o
                0x00000000001079ca                ttyinit
 .text          0x0000000000107bab       0x10 binaries/ttykickout.o
                0x0000000000107bab                ttykickout
 .text          0x0000000000107bbb       0xb6 binaries/ttyputc.o
                0x0000000000107bbb                ttyputc
 .text          0x0000000000107c71      0x113 binaries/ttyread.o
                0x0000000000107c71                ttyread
 .text          0x0000000000107d84       0x4f binaries/ttywrite.o
                0x0000000000107d84                ttywrite
 .text          0x0000000000107dd3      0x149 binaries/mount.o
                0x0000000000107dd3                mount
                0x0000000000107ee6                namlen
 .text          0x0000000000107f1c      0x20d binaries/naminit.o
                0x0000000000107f1c                naminit
 .text          0x0000000000108129      0x216 binaries/nammap.o
                0x0000000000108129                nammap
                0x00000000001081ba                namrepl
                0x00000000001082ef                namcpy
 .text          0x000000000010833f       0x55 binaries/namopen.o
                0x000000000010833f                namopen
 .text          0x0000000000108394      0x184 binaries/colon2mac.o
                0x0000000000108394                colon2mac
 .text          0x0000000000108518       0x95 binaries/ethcontrol.o
                0x0000000000108518                ethcontrol
 .text          0x00000000001085ad      0x1ae binaries/ethhandler.o
                0x00000000001085ad                ethhandler
 .text          0x000000000010875b      0x779 binaries/ethinit.o
                0x000000000010875b                eth_phy_read
                0x00000000001087c5                eth_phy_write
                0x0000000000108839                eth_phy_reset
                0x00000000001089a1                ethinit
 .text          0x0000000000108ed4      0x199 binaries/ethmcast.o
                0x0000000000108ed4                ethmcast_add
                0x0000000000108f56                ethmcast_remove
 .text          0x000000000010906d      0x199 binaries/ethread.o
                0x000000000010906d                ethread
 .text          0x0000000000109206       0xef binaries/ethwrite.o
                0x0000000000109206                ethwrite
 .text          0x00000000001092f5       0x96 binaries/rdsbufalloc.o
                0x00000000001092f5                rdsbufalloc
 .text          0x000000000010938b       0xcc binaries/rdsclose.o
                0x000000000010938b                rdsclose
 .text          0x0000000000109457      0x2c4 binaries/rdscomm.o
                0x0000000000109457                rdscomm
 .text          0x000000000010971b      0x208 binaries/rdscontrol.o
                0x000000000010971b                rdscontrol
 .text          0x0000000000109923      0x196 binaries/rdsinit.o
                0x0000000000109923                rdsinit
 .text          0x0000000000109ab9      0x1af binaries/rdsopen.o
                0x0000000000109ab9                rdsopen
 .text          0x0000000000109c68      0x4e7 binaries/rdsprocess.o
                0x0000000000109c68                rdsprocess
 .text          0x000000000010a14f      0x22c binaries/rdsread.o
                0x000000000010a14f                rdsread
 .text          0x000000000010a37b      0x1cf binaries/rdswrite.o
                0x000000000010a37b                rdswrite
 .text          0x000000000010a54a        0xa binaries/ramclose.o
                0x000000000010a54a                ramclose
 .text          0x000000000010a554       0x45 binaries/raminit.o
                0x000000000010a554                raminit
 .text          0x000000000010a599        0xa binaries/ramopen.o
                0x000000000010a599                ramopen
 .text          0x000000000010a5a3       0x35 binaries/ramread.o
                0x000000000010a5a3                ramread
 .text          0x000000000010a5d8       0x36 binaries/ramwrite.o
                0x000000000010a5d8                ramwrite
 .text          0x000000000010a60e       0x9e binaries/lfdballoc.o
                0x000000000010a60e                lfdballoc
 .text          0x000000000010a6ac       0x60 binaries/lfdbfree.o
                0x000000000010a6ac                lfdbfree
 .text          0x000000000010a70c       0xbf binaries/lfflush.o
                0x000000000010a70c                lfflush
 .text          0x000000000010a7cb       0xd8 binaries/lfgetmode.o
                0x000000000010a7cb                lfgetmode
 .text          0x000000000010a8a3       0x6c binaries/lfiballoc.o
                0x000000000010a8a3                lfiballoc
 .text          0x000000000010a90f       0x3b binaries/lfibclear.o
                0x000000000010a90f                lfibclear
 .text          0x000000000010a94a       0xae binaries/lfibget.o
                0x000000000010a94a                lfibget
 .text          0x000000000010a9f8       0xe0 binaries/lfibput.o
                0x000000000010a9f8                lfibput
 .text          0x000000000010aad8       0x93 binaries/lflclose.o
                0x000000000010aad8                lflclose
 .text          0x000000000010ab6b       0xb5 binaries/lflcontrol.o
                0x000000000010ab6b                lflcontrol
 .text          0x000000000010ac20       0xdf binaries/lflgetc.o
                0x000000000010ac20                lflgetc
 .text          0x000000000010acff       0xfb binaries/lflinit.o
                0x000000000010acff                lflinit
 .text          0x000000000010adfa      0x10f binaries/lflputc.o
                0x000000000010adfa                lflputc
 .text          0x000000000010af09       0x6d binaries/lflread.o
                0x000000000010af09                lflread
 .text          0x000000000010af76       0x9c binaries/lflseek.o
                0x000000000010af76                lflseek
 .text          0x000000000010b012       0x55 binaries/lflwrite.o
                0x000000000010b012                lflwrite
 .text          0x000000000010b067      0x14b binaries/lfsckfmt.o
                0x000000000010b067                lfsckfmt
 .text          0x000000000010b1b2      0x1ce binaries/lfscreate.o
                0x000000000010b1b2                lfscreate
 .text          0x000000000010b380      0x282 binaries/lfsetup.o
                0x000000000010b380                lfsetup
 .text          0x000000000010b602       0x55 binaries/lfsinit.o
                0x000000000010b602                lfsinit
 .text          0x000000000010b657      0x364 binaries/lfsopen.o
                0x000000000010b657                lfsopen
 .text          0x000000000010b9bb      0x161 binaries/lftruncate.o
                0x000000000010b9bb                lftruncate
 .text          0x000000000010bb1c       0x65 binaries/rflclose.o
                0x000000000010bb1c                rflclose
 .text          0x000000000010bb81       0x38 binaries/rflgetc.o
                0x000000000010bb81                rflgetc
 .text          0x000000000010bbb9       0x76 binaries/rflinit.o
                0x000000000010bbb9                rflinit
 .text          0x000000000010bc2f       0x51 binaries/rflputc.o
                0x000000000010bc2f                rflputc
 .text          0x000000000010bc80      0x345 binaries/rflread.o
                0x000000000010bc80                rflread
 .text          0x000000000010bfc5       0x68 binaries/rflseek.o
                0x000000000010bfc5                rflseek
 .text          0x000000000010c02d      0x336 binaries/rflwrite.o
                0x000000000010c02d                rflwrite
 .text          0x000000000010c363      0x1e5 binaries/rfscomm.o
                0x000000000010c363                rfscomm
 .text          0x000000000010c548      0x273 binaries/rfscontrol.o
                0x000000000010c548                rfscontrol
 .text          0x000000000010c7bb       0xd8 binaries/rfsgetmode.o
                0x000000000010c7bb                rfsgetmode
 .text          0x000000000010c893       0x7c binaries/rfsinit.o
                0x000000000010c893                rfsinit
 .text          0x000000000010c90f      0x128 binaries/rfsndmsg.o
                0x000000000010c90f                rfsndmsg
 .text          0x000000000010ca37      0x28d binaries/rfsopen.o
                0x000000000010ca37                rfsopen
 .text          0x000000000010ccc4      0x855 binaries/arp.o
                0x000000000010ccc4                arp_init
                0x000000000010ccf6                arp_resolve
                0x000000000010cfc3                arp_in
                0x000000000010d275                arp_alloc
                0x000000000010d341                arp_ntoh
                0x000000000010d42d                arp_hton
 .text          0x000000000010d519      0x7f9 binaries/dhcp.o
                0x000000000010d519                dhcp_get_opt_val
                0x000000000010d572                dhcp_bld_bootp_msg
                0x000000000010d69c                dhcp_bld_disc
                0x000000000010d76e                dhcp_bld_req
                0x000000000010d8b5                getlocalip
 .text          0x000000000010dd12       0xe6 binaries/dot2ip.o
                0x000000000010dd12                dot2ip
 .text          0x000000000010ddf8      0x468 binaries/hexdump.o
                0x000000000010ddf8                hexdump
                0x000000000010df7b                hexadump
 .text          0x000000000010e260      0x881 binaries/icmp.o
                0x000000000010e260                icmp_init
                0x000000000010e296                icmp_in
                0x000000000010e462                icmp_register
                0x000000000010e554                icmp_recv
                0x000000000010e6cd                icmp_send
                0x000000000010e762                icmp_mkpkt
                0x000000000010e87d                icmp_release
                0x000000000010e96d                icmp_cksum
                0x000000000010e9f9                icmp_hton
                0x000000000010ea6d                icmp_ntoh
 .text          0x000000000010eae1      0x829 binaries/ip.o
                0x000000000010eae1                ip_in
                0x000000000010ec39                ip_send
                0x000000000010ed7b                ip_local
                0x000000000010edbe                ip_out
                0x000000000010eeeb                ipcksum
                0x000000000010ef71                ip_ntoh
                0x000000000010f05d                ip_hton
                0x000000000010f149                ipout
                0x000000000010f26b                ip_enqueue
 .text          0x000000000010f30a      0x248 binaries/net.o
                0x000000000010f30a                net_init
                0x000000000010f452                netin
                0x000000000010f4fe                eth_hton
                0x000000000010f528                eth_ntoh
 .text          0x000000000010f552      0x128 binaries/netstart.o
                0x000000000010f552                netstart
 .text          0x000000000010f67a     0x1539 binaries/pdump.o
                0x000000000010f67a                pdump
                0x0000000000110496                pdumph
 .text          0x0000000000110bb3      0x672 binaries/tftp.o
                0x0000000000110bb3                tftp_send1
                0x0000000000110d43                tftpget
                0x0000000000110d85                tftpget_mb
 .text          0x0000000000111225      0xb18 binaries/udp.o
                0x0000000000111225                udp_init
                0x0000000000111259                udp_in
                0x0000000000111394                udp_register
                0x00000000001114c8                udp_recv
                0x000000000011164e                udp_recvaddr
                0x00000000001117ec                udp_send
                0x00000000001119c3                udp_sendto
                0x0000000000111b66                udp_release
                0x0000000000111c53                udp_ntoh
                0x0000000000111cc8                udp_hton
 .text          0x0000000000111d3d      0x12d binaries/addargs.o
                0x0000000000111d3d                addargs
 .text          0x0000000000111e6a      0x2c9 binaries/lexan.o
                0x0000000000111e6a                lexan
 .text          0x0000000000112133      0x6d7 binaries/shell.o
                0x0000000000112133                shell
 .text          0x000000000011280a       0x68 binaries/xsh_argecho.o
                0x000000000011280a                xsh_argecho
 .text          0x0000000000112872      0x23a binaries/xsh_arp.o
                0x0000000000112872                xsh_arp
 .text          0x0000000000112aac      0x211 binaries/xsh_cat.o
                0x0000000000112aac                xsh_cat
 .text          0x0000000000112cbd       0x51 binaries/xsh_clear.o
                0x0000000000112cbd                xsh_clear
 .text          0x0000000000112d0e      0x2b8 binaries/xsh_date.o
                0x0000000000112d0e                xsh_date
 .text          0x0000000000112fc6       0xa3 binaries/xsh_devdump.o
                0x0000000000112fc6                xsh_devdump
 .text          0x0000000000113069       0x6c binaries/xsh_echo.o
                0x0000000000113069                xsh_echo
 .text          0x00000000001130d5        0xa binaries/xsh_exit.o
                0x00000000001130d5                xsh_exit
 .text          0x00000000001130df      0x356 binaries/xsh_help.o
                0x00000000001130df                xsh_help
 .text          0x0000000000113435      0x4a4 binaries/xsh_ipaddr.o
                0x0000000000113435                xsh_ipaddr
 .text          0x00000000001138d9      0x20a binaries/xsh_kill.o
                0x00000000001138d9                xsh_kill
 .text          0x0000000000113ae3      0x4a9 binaries/xsh_memdump.o
                0x0000000000113ae3                xsh_memdump
 .text          0x0000000000113f8c      0x270 binaries/xsh_memstat.o
                0x0000000000113f8c                xsh_memstat
 .text          0x00000000001141fc      0x33d binaries/xsh_ping.o
                0x00000000001141fc                xsh_ping
 .text          0x0000000000114539      0x242 binaries/xsh_ps.o
                0x0000000000114539                xsh_ps
 .text          0x000000000011477b      0x1e7 binaries/xsh_sleep.o
                0x000000000011477b                xsh_sleep
 .text          0x0000000000114962      0x2a2 binaries/xsh_udpdump.o
                0x0000000000114962                xsh_udpdump
 .text          0x0000000000114c04      0x46c binaries/xsh_udpecho.o
                0x0000000000114c04                xsh_udpecho
 .text          0x0000000000115070      0x28e binaries/xsh_udpeserver.o
                0x0000000000115070                xsh_udpeserver
 .text          0x00000000001152fe      0x1cd binaries/xsh_uptime.o
                0x00000000001152fe                xsh_uptime
 .text          0x00000000001154cb       0x9b binaries/allocate_bs.o
                0x00000000001154cb                allocate_bs
 .text          0x0000000000115566       0x75 binaries/close_bs.o
                0x0000000000115566                close_bs
 .text          0x00000000001155db       0xa0 binaries/deallocate_bs.o
                0x00000000001155db                deallocate_bs
 .text          0x000000000011567b       0xd6 binaries/get_bs.o
                0x000000000011567b                get_bs
 .text          0x0000000000115751       0x75 binaries/open_bs.o
                0x0000000000115751                open_bs
 .text          0x00000000001157c6       0xfc binaries/psinit.o
                0x00000000001157c6                psinit
 .text          0x00000000001158c2      0x1d1 binaries/read_bs.o
                0x00000000001158c2                read_bs
 .text          0x0000000000115a93       0xa2 binaries/release_bs.o
                0x0000000000115a93                release_bs
 .text          0x0000000000115b35      0x187 binaries/write_bs.o
                0x0000000000115b35                write_bs
 .text          0x0000000000115cbc        0xe binaries/clkdisp.o
                0x0000000000115cbc                clkdisp
 .text          0x0000000000115cca       0x19 binaries/ctxsw.o
                0x0000000000115cca                ctxsw
 .text          0x0000000000115ce3      0x368 binaries/intr.o
                0x0000000000115ce3                disable
                0x0000000000115cec                restore
                0x0000000000115cfa                enable
                0x0000000000115cfc                pause
                0x0000000000115d03                halt
                0x0000000000115d06                spurious_irq7
                0x0000000000115d0b                spurious_irq15
                0x0000000000115d1a                _Xint0
                0x0000000000115d25                _Xint1
                0x0000000000115d30                _Xint2
                0x0000000000115d3b                _Xint3
                0x0000000000115d46                _Xint4
                0x0000000000115d51                _Xint5
                0x0000000000115d5c                _Xint6
                0x0000000000115d67                _Xint7
                0x0000000000115d72                _Xint8
                0x0000000000115d7d                _Xint9
                0x0000000000115d88                _Xint10
                0x0000000000115d93                _Xint11
                0x0000000000115da1                _Xint12
                0x0000000000115daf                _Xint13
                0x0000000000115dbd                _Xint14
                0x0000000000115dcb                _Xint15
                0x0000000000115dd9                _Xint16
                0x0000000000115de7                _Xint17
                0x0000000000115df5                _Xint18
                0x0000000000115e03                _Xint19
                0x0000000000115e11                _Xint20
                0x0000000000115e1f                _Xint21
                0x0000000000115e2d                _Xint22
                0x0000000000115e3b                _Xint23
                0x0000000000115e49                _Xint24
                0x0000000000115e57                _Xint25
                0x0000000000115e65                _Xint26
                0x0000000000115e73                _Xint27
                0x0000000000115e81                _Xint28
                0x0000000000115e8f                _Xint29
                0x0000000000115e9d                _Xint30
                0x0000000000115eab                _Xint31
                0x0000000000115eb9                _Xint32
                0x0000000000115ec7                _Xint33
                0x0000000000115ed5                _Xint34
                0x0000000000115ee3                _Xint35
                0x0000000000115ef1                _Xint36
                0x0000000000115eff                _Xint37
                0x0000000000115f0d                _Xint38
                0x0000000000115f1b                _Xint39
                0x0000000000115f29                _Xint40
                0x0000000000115f37                _Xint41
                0x0000000000115f45                _Xint42
                0x0000000000115f53                _Xint43
                0x0000000000115f61                _Xint44
                0x0000000000115f6f                _Xint45
                0x0000000000115f7d                _Xint46
                0x0000000000115f8b                defevec
 .text          0x000000000011604b        0xf binaries/ttydispatch.o
                0x000000000011604b                ttydispatch
 .text          0x000000000011605a       0x13 binaries/ethdispatch.o
                0x000000000011605a                ethdispatch
 *(.rodata .rodata.*)
 *fill*         0x000000000011606d        0x3 
 .rodata        0x0000000000116070       0x8e binaries/ascdate.o
 .rodata        0x00000000001160fe       0x5f binaries/conf.o
 *fill*         0x000000000011615d        0x3 
 .rodata        0x0000000000116160       0x7f binaries/early_imr.o
 *fill*         0x00000000001161df        0x1 
 .rodata        0x00000000001161e0      0x231 binaries/evec.o
 *fill*         0x0000000000116411        0x3 
 .rodata        0x0000000000116414       0x60 binaries/getutime.o
 .rodata        0x0000000000116474      0x13c binaries/initialize.o
 .rodata        0x00000000001165b0      0x1c2 binaries/init_paging.o
 *fill*         0x0000000000116772        0x2 
 .rodata        0x0000000000116774       0x20 binaries/kill.o
 .rodata        0x0000000000116794        0xd binaries/main.o
 .rodata        0x00000000001167a1        0xf binaries/panic.o
 .rodata        0x00000000001167b0       0x1c binaries/ptinit.o
 .rodata        0x00000000001167cc       0x22 binaries/pt_list.o
 *fill*         0x00000000001167ee        0x2 
 .rodata        0x00000000001167f0       0x25 binaries/ptsend.o
 .rodata        0x0000000000116815       0x22 binaries/quark_pdat.o
 *fill*         0x0000000000116837        0x1 
 .rodata        0x0000000000116838       0xb7 binaries/stacktrace.o
 *fill*         0x00000000001168ef        0x1 
 .rodata        0x00000000001168f0       0x27 binaries/xdone.o
 *fill*         0x0000000000116917        0x9 
 .rodata        0x0000000000116920       0x81 binaries/ctype_.o
                0x0000000000116920                _ctype_
 *fill*         0x00000000001169a1        0x3 
 .rodata        0x00000000001169a4       0xee binaries/doprnt.o
 *fill*         0x0000000000116a92        0x2 
 .rodata        0x0000000000116a94       0x98 binaries/doscan.o
 .rodata        0x0000000000116b2c       0xae binaries/fdoprnt.o
 *fill*         0x0000000000116bda        0x2 
 .rodata        0x0000000000116bdc       0x20 binaries/ttycontrol.o
 .rodata        0x0000000000116bfc       0x34 binaries/ttyhandler.o
 .rodata        0x0000000000116c30       0x80 binaries/naminit.o
 .rodata        0x0000000000116cb0       0x46 binaries/ethinit.o
 *fill*         0x0000000000116cf6        0x2 
 .rodata        0x0000000000116cf8       0x2c binaries/rdsbufalloc.o
 .rodata        0x0000000000116d24       0x76 binaries/rdscomm.o
 *fill*         0x0000000000116d9a        0x2 
 .rodata        0x0000000000116d9c       0x48 binaries/rdscontrol.o
 .rodata        0x0000000000116de4       0x6a binaries/rdsinit.o
 *fill*         0x0000000000116e4e        0x2 
 .rodata        0x0000000000116e50       0x22 binaries/rdsopen.o
 *fill*         0x0000000000116e72        0x2 
 .rodata        0x0000000000116e74       0x4d binaries/rdsprocess.o
 .rodata        0x0000000000116ec1        0x9 binaries/raminit.o
 *fill*         0x0000000000116eca        0x2 
 .rodata        0x0000000000116ecc       0x37 binaries/lfdballoc.o
 .rodata        0x0000000000116f03       0x14 binaries/lfiballoc.o
 *fill*         0x0000000000116f17        0x1 
 .rodata        0x0000000000116f18       0x23 binaries/lflcontrol.o
 *fill*         0x0000000000116f3b        0x1 
 .rodata        0x0000000000116f3c       0xb7 binaries/lfsckfmt.o
 *fill*         0x0000000000116ff3        0x1 
 .rodata        0x0000000000116ff4       0x21 binaries/rflread.o
 *fill*         0x0000000000117015        0x3 
 .rodata        0x0000000000117018       0x21 binaries/rflwrite.o
 *fill*         0x0000000000117039        0x3 
 .rodata        0x000000000011703c       0x75 binaries/rfscomm.o
 *fill*         0x00000000001170b1        0x3 
 .rodata        0x00000000001170b4       0x3c binaries/rfscontrol.o
 .rodata        0x00000000001170f0       0x67 binaries/rfsinit.o
 *fill*         0x0000000000117157        0x1 
 .rodata        0x0000000000117158       0x2a binaries/rfsndmsg.o
 *fill*         0x0000000000117182        0x2 
 .rodata        0x0000000000117184       0x22 binaries/rfsopen.o
 *fill*         0x00000000001171a6        0x2 
 .rodata        0x00000000001171a8       0x3a binaries/arp.o
 *fill*         0x00000000001171e2        0x2 
 .rodata        0x00000000001171e4       0xef binaries/dhcp.o
 *fill*         0x00000000001172d3        0x1 
 .rodata        0x00000000001172d4       0xc9 binaries/hexdump.o
 *fill*         0x000000000011739d        0x3 
 .rodata        0x00000000001173a0       0x29 binaries/icmp.o
 *fill*         0x00000000001173c9        0x3 
 .rodata        0x00000000001173cc       0x6e binaries/ip.o
 *fill*         0x000000000011743a        0x2 
 .rodata        0x000000000011743c       0x4f binaries/net.o
 *fill*         0x000000000011748b        0x1 
 .rodata        0x000000000011748c       0xcf binaries/netstart.o
 *fill*         0x000000000011755b        0x1 
 .rodata        0x000000000011755c      0x26f binaries/pdump.o
 *fill*         0x00000000001177cb        0x1 
 .rodata        0x00000000001177cc      0x154 binaries/tftp.o
 .rodata        0x0000000000117920      0x3c5 binaries/shell.o
                0x00000000001179a0                cmdtab
 .rodata        0x0000000000117ce5       0x28 binaries/xsh_argecho.o
 *fill*         0x0000000000117d0d        0x3 
 .rodata        0x0000000000117d10      0x123 binaries/xsh_arp.o
 *fill*         0x0000000000117e33        0x1 
 .rodata        0x0000000000117e34       0xc9 binaries/xsh_cat.o
 .rodata        0x0000000000117efd       0x15 binaries/xsh_clear.o
 *fill*         0x0000000000117f12        0x2 
 .rodata        0x0000000000117f14      0x1c3 binaries/xsh_date.o
 .rodata        0x00000000001180d7       0x5d binaries/xsh_devdump.o
 .rodata        0x0000000000118134        0x9 binaries/xsh_echo.o
 *fill*         0x000000000011813d        0x3 
 .rodata        0x0000000000118140      0x169 binaries/xsh_help.o
 *fill*         0x00000000001182a9        0x3 
 .rodata        0x00000000001182ac      0x194 binaries/xsh_ipaddr.o
 .rodata        0x0000000000118440      0x12e binaries/xsh_kill.o
 *fill*         0x000000000011856e        0x2 
 .rodata        0x0000000000118570      0x252 binaries/xsh_memdump.o
 *fill*         0x00000000001187c2        0x2 
 .rodata        0x00000000001187c4      0x225 binaries/xsh_memstat.o
 *fill*         0x00000000001189e9        0x3 
 .rodata        0x00000000001189ec      0x175 binaries/xsh_ping.o
 *fill*         0x0000000000118b61       0x1f 
 .rodata        0x0000000000118b80      0x1e0 binaries/xsh_ps.o
 .rodata        0x0000000000118d60       0xeb binaries/xsh_sleep.o
 *fill*         0x0000000000118e4b        0x1 
 .rodata        0x0000000000118e4c      0x1b8 binaries/xsh_udpdump.o
 .rodata        0x0000000000119004      0x215 binaries/xsh_udpecho.o
 *fill*         0x0000000000119219        0x3 
 .rodata        0x000000000011921c      0x12b binaries/xsh_udpeserver.o
 *fill*         0x0000000000119347        0x1 
 .rodata        0x0000000000119348      0x105 binaries/xsh_uptime.o
 *fill*         0x000000000011944d        0x3 
 .rodata        0x0000000000119450       0xb6 binaries/psinit.o
 *fill*         0x0000000000119506        0x2 
 .rodata        0x0000000000119508       0x75 binaries/read_bs.o
 *fill*         0x000000000011957d        0x3 
 .rodata        0x0000000000119580       0x43 binaries/release_bs.o
 *fill*         0x00000000001195c3        0x1 
 .rodata        0x00000000001195c4       0x74 binaries/write_bs.o
                0x0000000000119638                etext = ABSOLUTE (.)
                0x000000000011a000                . = ALIGN (0x1000)
 *fill*         0x0000000000119638      0x9c8 

.eh_frame       0x000000000011a000     0x2e48
 .eh_frame      0x000000000011a000       0x40 binaries/ascdate.o
 .eh_frame      0x000000000011a040       0x20 binaries/bufinit.o
                                         0x38 (size before relaxing)
 .eh_frame      0x000000000011a060       0x20 binaries/chprio.o
                                         0x38 (size before relaxing)
 .eh_frame      0x000000000011a080       0x20 binaries/clkhandler.o
                                         0x38 (size before relaxing)
 .eh_frame      0x000000000011a0a0       0x20 binaries/clkinit.o
                                         0x38 (size before relaxing)
 .eh_frame      0x000000000011a0c0       0x20 binaries/close.o
                                         0x38 (size before relaxing)
 .eh_frame      0x000000000011a0e0       0x20 binaries/control.o
                                         0x38 (size before relaxing)
 .eh_frame      0x000000000011a100       0x40 binaries/create.o
                                         0x58 (size before relaxing)
 .eh_frame      0x000000000011a140      0x104 binaries/early_imr.o
                                        0x11c (size before relaxing)
 .eh_frame      0x000000000011a244       0x80 binaries/evec.o
                                         0x98 (size before relaxing)
 .eh_frame      0x000000000011a2c4       0x20 binaries/freebuf.o
                                         0x38 (size before relaxing)
 .eh_frame      0x000000000011a2e4       0x20 binaries/freemem.o
                                         0x38 (size before relaxing)
 .eh_frame      0x000000000011a304       0x20 binaries/getbuf.o
                                         0x38 (size before relaxing)
 .eh_frame      0x000000000011a324       0x20 binaries/getc.o
                                         0x38 (size before relaxing)
 .eh_frame      0x000000000011a344       0x20 binaries/getdev.o
                                         0x38 (size before relaxing)
 .eh_frame      0x000000000011a364       0x60 binaries/getitem.o
                                         0x78 (size before relaxing)
 .eh_frame      0x000000000011a3c4       0x20 binaries/getmem.o
                                         0x38 (size before relaxing)
 .eh_frame      0x000000000011a3e4       0x20 binaries/getpid.o
                                         0x38 (size before relaxing)
 .eh_frame      0x000000000011a404       0x20 binaries/getprio.o
                                         0x38 (size before relaxing)
 .eh_frame      0x000000000011a424       0x20 binaries/getstk.o
                                         0x38 (size before relaxing)
 .eh_frame      0x000000000011a444       0x20 binaries/gettime.o
                                         0x38 (size before relaxing)
 .eh_frame      0x000000000011a464       0x20 binaries/getutime.o
                                         0x38 (size before relaxing)
 .eh_frame      0x000000000011a484       0x20 binaries/init.o
                                         0x38 (size before relaxing)
 .eh_frame      0x000000000011a4a4       0x7c binaries/initialize.o
                                         0x94 (size before relaxing)
 .eh_frame      0x000000000011a520      0x1c4 binaries/init_paging.o
                                        0x1dc (size before relaxing)
 .eh_frame      0x000000000011a6e4       0x20 binaries/insert.o
                                         0x38 (size before relaxing)
 .eh_frame      0x000000000011a704       0x20 binaries/insertd.o
                                         0x38 (size before relaxing)
 .eh_frame      0x000000000011a724       0x20 binaries/ioerr.o
                                         0x38 (size before relaxing)
 .eh_frame      0x000000000011a744       0x20 binaries/ionull.o
                                         0x38 (size before relaxing)
 .eh_frame      0x000000000011a764       0x20 binaries/kill.o
                                         0x38 (size before relaxing)
 .eh_frame      0x000000000011a784       0x80 binaries/kprintf.o
                                         0x98 (size before relaxing)
 .eh_frame      0x000000000011a804       0x20 binaries/main.o
                                         0x38 (size before relaxing)
 .eh_frame      0x000000000011a824       0x40 binaries/mark.o
                                         0x58 (size before relaxing)
 .eh_frame      0x000000000011a864       0x40 binaries/meminit.o
                                         0x58 (size before relaxing)
 .eh_frame      0x000000000011a8a4       0x20 binaries/mkbufpool.o
                                         0x38 (size before relaxing)
 .eh_frame      0x000000000011a8c4       0x20 binaries/newqueue.o
                                         0x38 (size before relaxing)
 .eh_frame      0x000000000011a8e4       0x20 binaries/open.o
                                         0x38 (size before relaxing)
 .eh_frame      0x000000000011a904       0x1c binaries/panic.o
                                         0x34 (size before relaxing)
 .eh_frame      0x000000000011a920      0x1c0 binaries/pci.o
                                        0x1d8 (size before relaxing)
 .eh_frame      0x000000000011aae0       0x20 binaries/platinit.o
                                         0x38 (size before relaxing)
 .eh_frame      0x000000000011ab00       0x20 binaries/ptclear.o
                                         0x38 (size before relaxing)
 .eh_frame      0x000000000011ab20       0x20 binaries/ptcount.o
                                         0x38 (size before relaxing)
 .eh_frame      0x000000000011ab40       0x20 binaries/ptcreate.o
                                         0x38 (size before relaxing)
 .eh_frame      0x000000000011ab60       0x20 binaries/ptdelete.o
                                         0x38 (size before relaxing)
 .eh_frame      0x000000000011ab80       0x20 binaries/ptinit.o
                                         0x38 (size before relaxing)
 .eh_frame      0x000000000011aba0       0xa0 binaries/pt_list.o
                                         0xb8 (size before relaxing)
 .eh_frame      0x000000000011ac40       0x20 binaries/ptrecv.o
                                         0x38 (size before relaxing)
 .eh_frame      0x000000000011ac60       0x20 binaries/ptreset.o
                                         0x38 (size before relaxing)
 .eh_frame      0x000000000011ac80       0x20 binaries/ptsend.o
                                         0x38 (size before relaxing)
 .eh_frame      0x000000000011aca0       0x20 binaries/putc.o
                                         0x38 (size before relaxing)
 .eh_frame      0x000000000011acc0       0x20 binaries/quark_irq.o
                                         0x38 (size before relaxing)
 .eh_frame      0x000000000011ace0       0x40 binaries/quark_pdat.o
                                         0x58 (size before relaxing)
 .eh_frame      0x000000000011ad20       0x40 binaries/queue.o
                                         0x58 (size before relaxing)
 .eh_frame      0x000000000011ad60       0x20 binaries/read.o
                                         0x38 (size before relaxing)
 .eh_frame      0x000000000011ad80       0x24 binaries/ready.o
                                         0x3c (size before relaxing)
 .eh_frame      0x000000000011ada4       0x20 binaries/receive.o
                                         0x38 (size before relaxing)
 .eh_frame      0x000000000011adc4       0x20 binaries/recvclr.o
                                         0x38 (size before relaxing)
 .eh_frame      0x000000000011ade4       0x20 binaries/recvtime.o
                                         0x38 (size before relaxing)
 .eh_frame      0x000000000011ae04       0x40 binaries/resched.o
                                         0x58 (size before relaxing)
 .eh_frame      0x000000000011ae44       0x20 binaries/resume.o
                                         0x38 (size before relaxing)
 .eh_frame      0x000000000011ae64       0x20 binaries/seek.o
                                         0x38 (size before relaxing)
 .eh_frame      0x000000000011ae84       0x20 binaries/semcount.o
                                         0x38 (size before relaxing)
 .eh_frame      0x000000000011aea4       0x40 binaries/semcreate.o
                                         0x58 (size before relaxing)
 .eh_frame      0x000000000011aee4       0x20 binaries/semdelete.o
                                         0x38 (size before relaxing)
 .eh_frame      0x000000000011af04       0x20 binaries/semreset.o
                                         0x38 (size before relaxing)
 .eh_frame      0x000000000011af24       0x20 binaries/send.o
                                         0x38 (size before relaxing)
 .eh_frame      0x000000000011af44       0x20 binaries/signal.o
                                         0x38 (size before relaxing)
 .eh_frame      0x000000000011af64       0x20 binaries/signaln.o
                                         0x38 (size before relaxing)
 .eh_frame      0x000000000011af84       0x40 binaries/sleep.o
                                         0x58 (size before relaxing)
 .eh_frame      0x000000000011afc4       0x20 binaries/stacktrace.o
                                         0x38 (size before relaxing)
 .eh_frame      0x000000000011afe4       0x20 binaries/suspend.o
                                         0x38 (size before relaxing)
 .eh_frame      0x000000000011b004       0x20 binaries/unsleep.o
                                         0x38 (size before relaxing)
 .eh_frame      0x000000000011b024       0x20 binaries/userret.o
                                         0x38 (size before relaxing)
 .eh_frame      0x000000000011b044       0x20 binaries/wait.o
                                         0x38 (size before relaxing)
 .eh_frame      0x000000000011b064       0x20 binaries/wakeup.o
                                         0x38 (size before relaxing)
 .eh_frame      0x000000000011b084       0x20 binaries/write.o
                                         0x38 (size before relaxing)
 .eh_frame      0x000000000011b0a4       0x20 binaries/xdone.o
                                         0x38 (size before relaxing)
 .eh_frame      0x000000000011b0c4       0x20 binaries/yield.o
                                         0x38 (size before relaxing)
 .eh_frame      0x000000000011b0e4       0x20 binaries/abs.o
                                         0x38 (size before relaxing)
 .eh_frame      0x000000000011b104       0x20 binaries/atoi.o
                                         0x38 (size before relaxing)
 .eh_frame      0x000000000011b124       0x20 binaries/atol.o
                                         0x38 (size before relaxing)
 .eh_frame      0x000000000011b144       0x20 binaries/bzero.o
                                         0x38 (size before relaxing)
 .eh_frame      0x000000000011b164       0xc0 binaries/doprnt.o
                                         0xd8 (size before relaxing)
 .eh_frame      0x000000000011b224       0xb0 binaries/doscan.o
                                         0xc8 (size before relaxing)
 .eh_frame      0x000000000011b2d4       0xc0 binaries/fdoprnt.o
                                         0xd8 (size before relaxing)
 .eh_frame      0x000000000011b394       0x20 binaries/fgetc.o
                                         0x38 (size before relaxing)
 .eh_frame      0x000000000011b3b4       0x20 binaries/fgets.o
                                         0x38 (size before relaxing)
 .eh_frame      0x000000000011b3d4       0x20 binaries/fprintf.o
                                         0x38 (size before relaxing)
 .eh_frame      0x000000000011b3f4       0x20 binaries/fputc.o
                                         0x38 (size before relaxing)
 .eh_frame      0x000000000011b414       0x20 binaries/fputs.o
                                         0x38 (size before relaxing)
 .eh_frame      0x000000000011b434       0x60 binaries/fscanf.o
                                         0x78 (size before relaxing)
 .eh_frame      0x000000000011b494       0x20 binaries/getchar.o
                                         0x38 (size before relaxing)
 .eh_frame      0x000000000011b4b4       0x20 binaries/labs.o
                                         0x38 (size before relaxing)
 .eh_frame      0x000000000011b4d4       0x20 binaries/memchr.o
                                         0x38 (size before relaxing)
 .eh_frame      0x000000000011b4f4       0x20 binaries/memcmp.o
                                         0x38 (size before relaxing)
 .eh_frame      0x000000000011b514       0x24 binaries/memcpy.o
                                         0x3c (size before relaxing)
 .eh_frame      0x000000000011b538       0x24 binaries/memset.o
                                         0x3c (size before relaxing)
 .eh_frame      0x000000000011b55c       0x20 binaries/printf.o
                                         0x38 (size before relaxing)
 .eh_frame      0x000000000011b57c       0x20 binaries/putchar.o
                                         0x38 (size before relaxing)
 .eh_frame      0x000000000011b59c       0xa8 binaries/qsort.o
                                         0xc0 (size before relaxing)
 .eh_frame      0x000000000011b644       0x40 binaries/rand.o
                                         0x58 (size before relaxing)
 .eh_frame      0x000000000011b684       0x40 binaries/sprintf.o
                                         0x58 (size before relaxing)
 .eh_frame      0x000000000011b6c4       0x60 binaries/sscanf.o
                                         0x78 (size before relaxing)
 .eh_frame      0x000000000011b724       0x20 binaries/strchr.o
                                         0x38 (size before relaxing)
 .eh_frame      0x000000000011b744       0x20 binaries/strcmp.o
                                         0x38 (size before relaxing)
 .eh_frame      0x000000000011b764       0x20 binaries/strcpy.o
                                         0x38 (size before relaxing)
 .eh_frame      0x000000000011b784       0x20 binaries/strlen.o
                                         0x38 (size before relaxing)
 .eh_frame      0x000000000011b7a4       0x20 binaries/strncat.o
                                         0x38 (size before relaxing)
 .eh_frame      0x000000000011b7c4       0x20 binaries/strncmp.o
                                         0x38 (size before relaxing)
 .eh_frame      0x000000000011b7e4       0x28 binaries/strncpy.o
                                         0x40 (size before relaxing)
 .eh_frame      0x000000000011b80c       0x20 binaries/strnlen.o
                                         0x38 (size before relaxing)
 .eh_frame      0x000000000011b82c       0x20 binaries/strrchr.o
                                         0x38 (size before relaxing)
 .eh_frame      0x000000000011b84c       0x20 binaries/strstr.o
                                         0x38 (size before relaxing)
 .eh_frame      0x000000000011b86c       0x20 binaries/ttycontrol.o
                                         0x38 (size before relaxing)
 .eh_frame      0x000000000011b88c       0x20 binaries/ttygetc.o
                                         0x38 (size before relaxing)
 .eh_frame      0x000000000011b8ac       0x80 binaries/ttyhandle_in.o
                                         0x98 (size before relaxing)
 .eh_frame      0x000000000011b92c       0x20 binaries/ttyhandle_out.o
                                         0x38 (size before relaxing)
 .eh_frame      0x000000000011b94c       0x20 binaries/ttyhandler.o
                                         0x38 (size before relaxing)
 .eh_frame      0x000000000011b96c       0x20 binaries/ttyinit.o
                                         0x38 (size before relaxing)
 .eh_frame      0x000000000011b98c       0x20 binaries/ttykickout.o
                                         0x38 (size before relaxing)
 .eh_frame      0x000000000011b9ac       0x20 binaries/ttyputc.o
                                         0x38 (size before relaxing)
 .eh_frame      0x000000000011b9cc       0x28 binaries/ttyread.o
                                         0x40 (size before relaxing)
 .eh_frame      0x000000000011b9f4       0x20 binaries/ttywrite.o
                                         0x38 (size before relaxing)
 .eh_frame      0x000000000011ba14       0x40 binaries/mount.o
                                         0x58 (size before relaxing)
 .eh_frame      0x000000000011ba54       0x20 binaries/naminit.o
                                         0x38 (size before relaxing)
 .eh_frame      0x000000000011ba74       0x60 binaries/nammap.o
                                         0x78 (size before relaxing)
 .eh_frame      0x000000000011bad4       0x20 binaries/namopen.o
                                         0x38 (size before relaxing)
 .eh_frame      0x000000000011baf4       0x20 binaries/colon2mac.o
                                         0x38 (size before relaxing)
 .eh_frame      0x000000000011bb14       0x20 binaries/ethcontrol.o
                                         0x38 (size before relaxing)
 .eh_frame      0x000000000011bb34       0x20 binaries/ethhandler.o
                                         0x38 (size before relaxing)
 .eh_frame      0x000000000011bb54       0xa0 binaries/ethinit.o
                                         0xb8 (size before relaxing)
 .eh_frame      0x000000000011bbf4       0x40 binaries/ethmcast.o
                                         0x58 (size before relaxing)
 .eh_frame      0x000000000011bc34       0x20 binaries/ethread.o
                                         0x38 (size before relaxing)
 .eh_frame      0x000000000011bc54       0x20 binaries/ethwrite.o
                                         0x38 (size before relaxing)
 .eh_frame      0x000000000011bc74       0x20 binaries/rdsbufalloc.o
                                         0x38 (size before relaxing)
 .eh_frame      0x000000000011bc94       0x20 binaries/rdsclose.o
                                         0x38 (size before relaxing)
 .eh_frame      0x000000000011bcb4       0x20 binaries/rdscomm.o
                                         0x38 (size before relaxing)
 .eh_frame      0x000000000011bcd4       0x20 binaries/rdscontrol.o
                                         0x38 (size before relaxing)
 .eh_frame      0x000000000011bcf4       0x20 binaries/rdsinit.o
                                         0x38 (size before relaxing)
 .eh_frame      0x000000000011bd14       0x20 binaries/rdsopen.o
                                         0x38 (size before relaxing)
 .eh_frame      0x000000000011bd34       0x1c binaries/rdsprocess.o
                                         0x34 (size before relaxing)
 .eh_frame      0x000000000011bd50       0x20 binaries/rdsread.o
                                         0x38 (size before relaxing)
 .eh_frame      0x000000000011bd70       0x20 binaries/rdswrite.o
                                         0x38 (size before relaxing)
 .eh_frame      0x000000000011bd90       0x20 binaries/ramclose.o
                                         0x38 (size before relaxing)
 .eh_frame      0x000000000011bdb0       0x20 binaries/raminit.o
                                         0x38 (size before relaxing)
 .eh_frame      0x000000000011bdd0       0x20 binaries/ramopen.o
                                         0x38 (size before relaxing)
 .eh_frame      0x000000000011bdf0       0x20 binaries/ramread.o
                                         0x38 (size before relaxing)
 .eh_frame      0x000000000011be10       0x20 binaries/ramwrite.o
                                         0x38 (size before relaxing)
 .eh_frame      0x000000000011be30       0x20 binaries/lfdballoc.o
                                         0x38 (size before relaxing)
 .eh_frame      0x000000000011be50       0x20 binaries/lfdbfree.o
                                         0x38 (size before relaxing)
 .eh_frame      0x000000000011be70       0x20 binaries/lfflush.o
                                         0x38 (size before relaxing)
 .eh_frame      0x000000000011be90       0x20 binaries/lfgetmode.o
                                         0x38 (size before relaxing)
 .eh_frame      0x000000000011beb0       0x20 binaries/lfiballoc.o
                                         0x38 (size before relaxing)
 .eh_frame      0x000000000011bed0       0x20 binaries/lfibclear.o
                                         0x38 (size before relaxing)
 .eh_frame      0x000000000011bef0       0x20 binaries/lfibget.o
                                         0x38 (size before relaxing)
 .eh_frame      0x000000000011bf10       0x20 binaries/lfibput.o
                                         0x38 (size before relaxing)
 .eh_frame      0x000000000011bf30       0x20 binaries/lflclose.o
                                         0x38 (size before relaxing)
 .eh_frame      0x000000000011bf50       0x20 binaries/lflcontrol.o
                                         0x38 (size before relaxing)
 .eh_frame      0x000000000011bf70       0x20 binaries/lflgetc.o
                                         0x38 (size before relaxing)
 .eh_frame      0x000000000011bf90       0x20 binaries/lflinit.o
                                         0x38 (size before relaxing)
 .eh_frame      0x000000000011bfb0       0x20 binaries/lflputc.o
                                         0x38 (size before relaxing)
 .eh_frame      0x000000000011bfd0       0x20 binaries/lflread.o
                                         0x38 (size before relaxing)
 .eh_frame      0x000000000011bff0       0x20 binaries/lflseek.o
                                         0x38 (size before relaxing)
 .eh_frame      0x000000000011c010       0x20 binaries/lflwrite.o
                                         0x38 (size before relaxing)
 .eh_frame      0x000000000011c030       0x20 binaries/lfsckfmt.o
                                         0x38 (size before relaxing)
 .eh_frame      0x000000000011c050       0x20 binaries/lfscreate.o
                                         0x38 (size before relaxing)
 .eh_frame      0x000000000011c070       0x20 binaries/lfsetup.o
                                         0x38 (size before relaxing)
 .eh_frame      0x000000000011c090       0x20 binaries/lfsinit.o
                                         0x38 (size before relaxing)
 .eh_frame      0x000000000011c0b0       0x20 binaries/lfsopen.o
                                         0x38 (size before relaxing)
 .eh_frame      0x000000000011c0d0       0x20 binaries/lftruncate.o
                                         0x38 (size before relaxing)
 .eh_frame      0x000000000011c0f0       0x20 binaries/rflclose.o
                                         0x38 (size before relaxing)
 .eh_frame      0x000000000011c110       0x20 binaries/rflgetc.o
                                         0x38 (size before relaxing)
 .eh_frame      0x000000000011c130       0x20 binaries/rflinit.o
                                         0x38 (size before relaxing)
 .eh_frame      0x000000000011c150       0x20 binaries/rflputc.o
                                         0x38 (size before relaxing)
 .eh_frame      0x000000000011c170       0x20 binaries/rflread.o
                                         0x38 (size before relaxing)
 .eh_frame      0x000000000011c190       0x20 binaries/rflseek.o
                                         0x38 (size before relaxing)
 .eh_frame      0x000000000011c1b0       0x20 binaries/rflwrite.o
                                         0x38 (size before relaxing)
 .eh_frame      0x000000000011c1d0       0x20 binaries/rfscomm.o
                                         0x38 (size before relaxing)
 .eh_frame      0x000000000011c1f0       0x20 binaries/rfscontrol.o
                                         0x38 (size before relaxing)
 .eh_frame      0x000000000011c210       0x20 binaries/rfsgetmode.o
                                         0x38 (size before relaxing)
 .eh_frame      0x000000000011c230       0x20 binaries/rfsinit.o
                                         0x38 (size before relaxing)
 .eh_frame      0x000000000011c250       0x20 binaries/rfsndmsg.o
                                         0x38 (size before relaxing)
 .eh_frame      0x000000000011c270       0x20 binaries/rfsopen.o
                                         0x38 (size before relaxing)
 .eh_frame      0x000000000011c290       0xc0 binaries/arp.o
                                         0xd8 (size before relaxing)
 .eh_frame      0x000000000011c350       0xa0 binaries/dhcp.o
                                         0xb8 (size before relaxing)
 .eh_frame      0x000000000011c3f0       0x20 binaries/dot2ip.o
                                         0x38 (size before relaxing)
 .eh_frame      0x000000000011c410       0x40 binaries/hexdump.o
                                         0x58 (size before relaxing)
 .eh_frame      0x000000000011c450      0x150 binaries/icmp.o
                                        0x168 (size before relaxing)
 .eh_frame      0x000000000011c5a0      0x11c binaries/ip.o
                                        0x134 (size before relaxing)
 .eh_frame      0x000000000011c6bc       0x7c binaries/net.o
                                         0x94 (size before relaxing)
 .eh_frame      0x000000000011c738       0x30 binaries/netstart.o
                                         0x48 (size before relaxing)
 .eh_frame      0x000000000011c768       0x60 binaries/pdump.o
                                         0x78 (size before relaxing)
 .eh_frame      0x000000000011c7c8       0x60 binaries/tftp.o
                                         0x78 (size before relaxing)
 .eh_frame      0x000000000011c828      0x140 binaries/udp.o
                                        0x158 (size before relaxing)
 .eh_frame      0x000000000011c968       0x20 binaries/addargs.o
                                         0x38 (size before relaxing)
 .eh_frame      0x000000000011c988       0x20 binaries/lexan.o
                                         0x38 (size before relaxing)
 .eh_frame      0x000000000011c9a8       0x20 binaries/shell.o
                                         0x38 (size before relaxing)
 .eh_frame      0x000000000011c9c8       0x20 binaries/xsh_argecho.o
                                         0x38 (size before relaxing)
 .eh_frame      0x000000000011c9e8       0x40 binaries/xsh_arp.o
                                         0x58 (size before relaxing)
 .eh_frame      0x000000000011ca28       0x20 binaries/xsh_cat.o
                                         0x38 (size before relaxing)
 .eh_frame      0x000000000011ca48       0x20 binaries/xsh_clear.o
                                         0x38 (size before relaxing)
 .eh_frame      0x000000000011ca68       0x20 binaries/xsh_date.o
                                         0x38 (size before relaxing)
 .eh_frame      0x000000000011ca88       0x20 binaries/xsh_devdump.o
                                         0x38 (size before relaxing)
 .eh_frame      0x000000000011caa8       0x20 binaries/xsh_echo.o
                                         0x38 (size before relaxing)
 .eh_frame      0x000000000011cac8       0x20 binaries/xsh_exit.o
                                         0x38 (size before relaxing)
 .eh_frame      0x000000000011cae8       0x28 binaries/xsh_help.o
                                         0x40 (size before relaxing)
 .eh_frame      0x000000000011cb10       0x30 binaries/xsh_ipaddr.o
                                         0x48 (size before relaxing)
 .eh_frame      0x000000000011cb40       0x20 binaries/xsh_kill.o
                                         0x38 (size before relaxing)
 .eh_frame      0x000000000011cb60       0x40 binaries/xsh_memdump.o
                                         0x58 (size before relaxing)
 .eh_frame      0x000000000011cba0       0x60 binaries/xsh_memstat.o
                                         0x78 (size before relaxing)
 .eh_frame      0x000000000011cc00       0x28 binaries/xsh_ping.o
                                         0x40 (size before relaxing)
 .eh_frame      0x000000000011cc28       0x30 binaries/xsh_ps.o
                                         0x48 (size before relaxing)
 .eh_frame      0x000000000011cc58       0x20 binaries/xsh_sleep.o
                                         0x38 (size before relaxing)
 .eh_frame      0x000000000011cc78       0x20 binaries/xsh_udpdump.o
                                         0x38 (size before relaxing)
 .eh_frame      0x000000000011cc98       0x30 binaries/xsh_udpecho.o
                                         0x48 (size before relaxing)
 .eh_frame      0x000000000011ccc8       0x20 binaries/xsh_udpeserver.o
                                         0x38 (size before relaxing)
 .eh_frame      0x000000000011cce8       0x20 binaries/xsh_uptime.o
                                         0x38 (size before relaxing)
 .eh_frame      0x000000000011cd08       0x20 binaries/allocate_bs.o
                                         0x38 (size before relaxing)
 .eh_frame      0x000000000011cd28       0x20 binaries/close_bs.o
                                         0x38 (size before relaxing)
 .eh_frame      0x000000000011cd48       0x20 binaries/deallocate_bs.o
                                         0x38 (size before relaxing)
 .eh_frame      0x000000000011cd68       0x28 binaries/get_bs.o
                                         0x40 (size before relaxing)
[...]
 .comment       0x0000000000000023       0x24 binaries/xsh_memdump.o
 .comment       0x0000000000000023       0x24 binaries/xsh_memstat.o
 .comment       0x0000000000000023       0x24 binaries/xsh_ping.o
 .comment       0x0000000000000023       0x24 binaries/xsh_ps.o
 .comment       0x0000000000000023       0x24 binaries/xsh_sleep.o
 .comment       0x0000000000000023       0x24 binaries/xsh_udpdump.o
 .comment       0x0000000000000023       0x24 binaries/xsh_udpecho.o
 .comment       0x0000000000000023       0x24 binaries/xsh_udpeserver.o
 .comment       0x0000000000000023       0x24 binaries/xsh_uptime.o
 .comment       0x0000000000000023       0x24 binaries/allocate_bs.o
 .comment       0x0000000000000023       0x24 binaries/close_bs.o
 .comment       0x0000000000000023       0x24 binaries/deallocate_bs.o
 .comment       0x0000000000000023       0x24 binaries/get_bs.o
 .comment       0x0000000000000023       0x24 binaries/open_bs.o
 .comment       0x0000000000000023       0x24 binaries/psinit.o
 .comment       0x0000000000000023       0x24 binaries/read_bs.o
 .comment       0x0000000000000023       0x24 binaries/release_bs.o
 .comment       0x0000000000000023       0x24 binaries/write_bs.o

.note.GNU-stack
                0x0000000000000000        0x0
 .note.GNU-stack
                0x0000000000000000        0x0 binaries/ascdate.o
 .note.GNU-stack
                0x0000000000000000        0x0 binaries/bufinit.o
 .note.GNU-stack
                0x0000000000000000        0x0 binaries/chprio.o
 .note.GNU-stack
                0x0000000000000000        0x0 binaries/clkhandler.o
 .note.GNU-stack
                0x0000000000000000        0x0 binaries/clkinit.o
 .note.GNU-stack
                0x0000000000000000        0x0 binaries/close.o
 .note.GNU-stack
                0x0000000000000000        0x0 binaries/conf.o
 .note.GNU-stack
                0x0000000000000000        0x0 binaries/control.o
 .note.GNU-stack
                0x0000000000000000        0x0 binaries/create.o
 .note.GNU-stack
                0x0000000000000000        0x0 binaries/early_imr.o
 .note.GNU-stack
                0x0000000000000000        0x0 binaries/evec.o
 .note.GNU-stack
                0x0000000000000000        0x0 binaries/freebuf.o
 .note.GNU-stack
                0x0000000000000000        0x0 binaries/freemem.o
 .note.GNU-stack
                0x0000000000000000        0x0 binaries/getbuf.o
 .note.GNU-stack
                0x0000000000000000        0x0 binaries/getc.o
 .note.GNU-stack
                0x0000000000000000        0x0 binaries/getdev.o
 .note.GNU-stack
                0x0000000000000000        0x0 binaries/getitem.o
 .note.GNU-stack
                0x0000000000000000        0x0 binaries/getmem.o
 .note.GNU-stack
                0x0000000000000000        0x0 binaries/getpid.o
 .note.GNU-stack
                0x0000000000000000        0x0 binaries/getprio.o
 .note.GNU-stack
                0x0000000000000000        0x0 binaries/getstk.o
 .note.GNU-stack
                0x0000000000000000        0x0 binaries/gettime.o
 .note.GNU-stack
                0x0000000000000000        0x0 binaries/getutime.o
 .note.GNU-stack
                0x0000000000000000        0x0 binaries/init.o
 .note.GNU-stack
                0x0000000000000000        0x0 binaries/initialize.o
 .note.GNU-stack
                0x0000000000000000        0x0 binaries/init_paging.o
 .note.GNU-stack
                0x0000000000000000        0x0 binaries/insert.o
 .note.GNU-stack
                0x0000000000000000        0x0 binaries/insertd.o
 .note.GNU-stack
                0x0000000000000000        0x0 binaries/ioerr.o
 .note.GNU-stack
                0x0000000000000000        0x0 binaries/ionull.o
 .note.GNU-stack
                0x0000000000000000        0x0 binaries/kill.o
 .note.GNU-stack
                0x0000000000000000        0x0 binaries/kprintf.o
 .note.GNU-stack
                0x0000000000000000        0x0 binaries/main.o
 .note.GNU-stack
                0x0000000000000000        0x0 binaries/mark.o
 .note.GNU-stack
                0x0000000000000000        0x0 binaries/meminit.o
 .note.GNU-stack
                0x0000000000000000        0x0 binaries/mkbufpool.o
 .note.GNU-stack
                0x0000000000000000        0x0 binaries/newqueue.o
 .note.GNU-stack
                0x0000000000000000        0x0 binaries/open.o
 .note.GNU-stack
                0x0000000000000000        0x0 binaries/panic.o
 .note.GNU-stack
                0x0000000000000000        0x0 binaries/pci.o
 .note.GNU-stack
                0x0000000000000000        0x0 binaries/platinit.o
 .note.GNU-stack
                0x0000000000000000        0x0 binaries/ptclear.o
 .note.GNU-stack
                0x0000000000000000        0x0 binaries/ptcount.o
 .note.GNU-stack
                0x0000000000000000        0x0 binaries/ptcreate.o
 .note.GNU-stack
                0x0000000000000000        0x0 binaries/ptdelete.o
 .note.GNU-stack
                0x0000000000000000        0x0 binaries/ptinit.o
 .note.GNU-stack
                0x0000000000000000        0x0 binaries/pt_list.o
 .note.GNU-stack
                0x0000000000000000        0x0 binaries/ptrecv.o
 .note.GNU-stack
                0x0000000000000000        0x0 binaries/ptreset.o
 .note.GNU-stack
                0x0000000000000000        0x0 binaries/ptsend.o
 .note.GNU-stack
                0x0000000000000000        0x0 binaries/putc.o
 .note.GNU-stack
                0x0000000000000000        0x0 binaries/quark_irq.o
 .note.GNU-stack
                0x0000000000000000        0x0 binaries/quark_pdat.o
 .note.GNU-stack
                0x0000000000000000        0x0 binaries/queue.o
 .note.GNU-stack
                0x0000000000000000        0x0 binaries/read.o
 .note.GNU-stack
                0x0000000000000000        0x0 binaries/ready.o
 .note.GNU-stack
                0x0000000000000000        0x0 binaries/receive.o
 .note.GNU-stack
                0x0000000000000000        0x0 binaries/recvclr.o
 .note.GNU-stack
                0x0000000000000000        0x0 binaries/recvtime.o
 .note.GNU-stack
                0x0000000000000000        0x0 binaries/resched.o
 .note.GNU-stack
                0x0000000000000000        0x0 binaries/resume.o
 .note.GNU-stack
                0x0000000000000000        0x0 binaries/seek.o
 .note.GNU-stack
                0x0000000000000000        0x0 binaries/semcount.o
 .note.GNU-stack
                0x0000000000000000        0x0 binaries/semcreate.o
 .note.GNU-stack
                0x0000000000000000        0x0 binaries/semdelete.o
 .note.GNU-stack
                0x0000000000000000        0x0 binaries/semreset.o
 .note.GNU-stack
                0x0000000000000000        0x0 binaries/send.o
 .note.GNU-stack
                0x0000000000000000        0x0 binaries/signal.o
 .note.GNU-stack
                0x0000000000000000        0x0 binaries/signaln.o
 .note.GNU-stack
                0x0000000000000000        0x0 binaries/sleep.o
 .note.GNU-stack
                0x0000000000000000        0x0 binaries/stacktrace.o
 .note.GNU-stack
                0x0000000000000000        0x0 binaries/suspend.o
 .note.GNU-stack
                0x0000000000000000        0x0 binaries/unsleep.o
 .note.GNU-stack
                0x0000000000000000        0x0 binaries/userret.o
 .note.GNU-stack
                0x0000000000000000        0x0 binaries/wait.o
 .note.GNU-stack
                0x0000000000000000        0x0 binaries/wakeup.o
 .note.GNU-stack
                0x0000000000000000        0x0 binaries/write.o
 .note.GNU-stack
                0x0000000000000000        0x0 binaries/xdone.o
 .note.GNU-stack
                0x0000000000000000        0x0 binaries/yield.o
 .note.GNU-stack
                0x0000000000000000        0x0 binaries/abs.o
 .note.GNU-stack
                0x0000000000000000        0x0 binaries/atoi.o
 .note.GNU-stack
                0x0000000000000000        0x0 binaries/atol.o
 .note.GNU-stack
                0x0000000000000000        0x0 binaries/bzero.o
 .note.GNU-stack
                0x0000000000000000        0x0 binaries/ctype_.o
 .note.GNU-stack
                0x0000000000000000        0x0 binaries/doprnt.o
 .note.GNU-stack
                0x0000000000000000        0x0 binaries/doscan.o
 .note.GNU-stack
                0x0000000000000000        0x0 binaries/fdoprnt.o
 .note.GNU-stack
                0x0000000000000000        0x0 binaries/fgetc.o
 .note.GNU-stack
                0x0000000000000000        0x0 binaries/fgets.o
 .note.GNU-stack
                0x0000000000000000        0x0 binaries/fprintf.o
 .note.GNU-stack
                0x0000000000000000        0x0 binaries/fputc.o
 .note.GNU-stack
                0x0000000000000000        0x0 binaries/fputs.o
 .note.GNU-stack
                0x0000000000000000        0x0 binaries/fscanf.o
 .note.GNU-stack
                0x0000000000000000        0x0 binaries/getchar.o
 .note.GNU-stack
                0x0000000000000000        0x0 binaries/labs.o
 .note.GNU-stack
                0x0000000000000000        0x0 binaries/memchr.o
 .note.GNU-stack
                0x0000000000000000        0x0 binaries/memcmp.o
 .note.GNU-stack
                0x0000000000000000        0x0 binaries/memcpy.o
 .note.GNU-stack
                0x0000000000000000        0x0 binaries/memset.o
 .note.GNU-stack
                0x0000000000000000        0x0 binaries/printf.o
 .note.GNU-stack
                0x0000000000000000        0x0 binaries/putchar.o
 .note.GNU-stack
                0x0000000000000000        0x0 binaries/qsort.o
 .note.GNU-stack
                0x0000000000000000        0x0 binaries/rand.o
 .note.GNU-stack
                0x0000000000000000        0x0 binaries/sprintf.o
 .note.GNU-stack
                0x0000000000000000        0x0 binaries/sscanf.o
 .note.GNU-stack
                0x0000000000000000        0x0 binaries/strchr.o
 .note.GNU-stack
                0x0000000000000000        0x0 binaries/strcmp.o
 .note.GNU-stack
                0x0000000000000000        0x0 binaries/strcpy.o
 .note.GNU-stack
                0x0000000000000000        0x0 binaries/strlen.o
 .note.GNU-stack
                0x0000000000000000        0x0 binaries/strncat.o
 .note.GNU-stack
                0x0000000000000000        0x0 binaries/strncmp.o
 .note.GNU-stack
                0x0000000000000000        0x0 binaries/strncpy.o
 .note.GNU-stack
                0x0000000000000000        0x0 binaries/strnlen.o
 .note.GNU-stack
                0x0000000000000000        0x0 binaries/strrchr.o
 .note.GNU-stack
                0x0000000000000000        0x0 binaries/strstr.o
 .note.GNU-stack
                0x0000000000000000        0x0 binaries/ttycontrol.o
 .note.GNU-stack
                0x0000000000000000        0x0 binaries/ttygetc.o
 .note.GNU-stack
                0x0000000000000000        0x0 binaries/ttyhandle_in.o
 .note.GNU-stack
                0x0000000000000000        0x0 binaries/ttyhandle_out.o
 .note.GNU-stack
                0x0000000000000000        0x0 binaries/ttyhandler.o
 .note.GNU-stack
                0x0000000000000000        0x0 binaries/ttyinit.o
 .note.GNU-stack
                0x0000000000000000        0x0 binaries/ttykickout.o
 .note.GNU-stack
                0x0000000000000000        0x0 binaries/ttyputc.o
 .note.GNU-stack
                0x0000000000000000        0x0 binaries/ttyread.o
 .note.GNU-stack
                0x0000000000000000        0x0 binaries/ttywrite.o
 .note.GNU-stack
                0x0000000000000000        0x0 binaries/mount.o
 .note.GNU-stack
                0x0000000000000000        0x0 binaries/naminit.o
 .note.GNU-stack
                0x0000000000000000        0x0 binaries/nammap.o
 .note.GNU-stack
                0x0000000000000000        0x0 binaries/namopen.o
 .note.GNU-stack
                0x0000000000000000        0x0 binaries/colon2mac.o
 .note.GNU-stack
                0x0000000000000000        0x0 binaries/ethcontrol.o
 .note.GNU-stack
                0x0000000000000000        0x0 binaries/ethhandler.o
 .note.GNU-stack
                0x0000000000000000        0x0 binaries/ethinit.o
 .note.GNU-stack
                0x0000000000000000        0x0 binaries/ethmcast.o
 .note.GNU-stack
                0x0000000000000000        0x0 binaries/ethread.o
 .note.GNU-stack
                0x0000000000000000        0x0 binaries/ethwrite.o
 .note.GNU-stack
                0x0000000000000000        0x0 binaries/rdsbufalloc.o
 .note.GNU-stack
                0x0000000000000000        0x0 binaries/rdsclose.o
 .note.GNU-stack
                0x0000000000000000        0x0 binaries/rdscomm.o
 .note.GNU-stack
                0x0000000000000000        0x0 binaries/rdscontrol.o
 .note.GNU-stack
                0x0000000000000000        0x0 binaries/rdsinit.o
 .note.GNU-stack
                0x0000000000000000        0x0 binaries/rdsopen.o
 .note.GNU-stack
                0x0000000000000000        0x0 binaries/rdsprocess.o
 .note.GNU-stack
                0x0000000000000000        0x0 binaries/rdsread.o
 .note.GNU-stack
                0x0000000000000000        0x0 binaries/rdswrite.o
 .note.GNU-stack
                0x0000000000000000        0x0 binaries/ramclose.o
 .note.GNU-stack
                0x0000000000000000        0x0 binaries/raminit.o
 .note.GNU-stack
                0x0000000000000000        0x0 binaries/ramopen.o
 .note.GNU-stack
                0x0000000000000000        0x0 binaries/ramread.o
 .note.GNU-stack
                0x0000000000000000        0x0 binaries/ramwrite.o
 .note.GNU-stack
                0x0000000000000000        0x0 binaries/lfdballoc.o
 .note.GNU-stack
                0x0000000000000000        0x0 binaries/lfdbfree.o
 .note.GNU-stack
                0x0000000000000000        0x0 binaries/lfflush.o
 .note.GNU-stack
                0x0000000000000000        0x0 binaries/lfgetmode.o
 .note.GNU-stack
                0x0000000000000000        0x0 binaries/lfiballoc.o
 .note.GNU-stack
                0x0000000000000000        0x0 binaries/lfibclear.o
 .note.GNU-stack
                0x0000000000000000        0x0 binaries/lfibget.o
 .note.GNU-stack
                0x0000000000000000        0x0 binaries/lfibput.o
 .note.GNU-stack
                0x0000000000000000        0x0 binaries/lflclose.o
 .note.GNU-stack
                0x0000000000000000        0x0 binaries/lflcontrol.o
 .note.GNU-stack
                0x0000000000000000        0x0 binaries/lflgetc.o
 .note.GNU-stack
                0x0000000000000000        0x0 binaries/lflinit.o
 .note.GNU-stack
                0x0000000000000000        0x0 binaries/lflputc.o
 .note.GNU-stack
                0x0000000000000000        0x0 binaries/lflread.o
 .note.GNU-stack
                0x0000000000000000        0x0 binaries/lflseek.o
 .note.GNU-stack
                0x0000000000000000        0x0 binaries/lflwrite.o
 .note.GNU-stack
                0x0000000000000000        0x0 binaries/lfsckfmt.o
 .note.GNU-stack
                0x0000000000000000        0x0 binaries/lfscreate.o
 .note.GNU-stack
                0x0000000000000000        0x0 binaries/lfsetup.o
 .note.GNU-stack
                0x0000000000000000        0x0 binaries/lfsinit.o
 .note.GNU-stack
                0x0000000000000000        0x0 binaries/lfsopen.o
 .note.GNU-stack
                0x0000000000000000        0x0 binaries/lftruncate.o
 .note.GNU-stack
                0x0000000000000000        0x0 binaries/rflclose.o
 .note.GNU-stack
                0x0000000000000000        0x0 binaries/rflgetc.o
 .note.GNU-stack
                0x0000000000000000        0x0 binaries/rflinit.o
 .note.GNU-stack
                0x0000000000000000        0x0 binaries/rflputc.o
 .note.GNU-stack
                0x0000000000000000        0x0 binaries/rflread.o
 .note.GNU-stack
                0x0000000000000000        0x0 binaries/rflseek.o
 .note.GNU-stack
                0x0000000000000000        0x0 binaries/rflwrite.o
 .note.GNU-stack
                0x0000000000000000        0x0 binaries/rfscomm.o
 .note.GNU-stack
                0x0000000000000000        0x0 binaries/rfscontrol.o
 .note.GNU-stack
                0x0000000000000000        0x0 binaries/rfsgetmode.o
 .note.GNU-stack
                0x0000000000000000        0x0 binaries/rfsinit.o
 .note.GNU-stack
                0x0000000000000000        0x0 binaries/rfsndmsg.o
 .note.GNU-stack
                0x0000000000000000        0x0 binaries/rfsopen.o
 .note.GNU-stack
                0x0000000000000000        0x0 binaries/arp.o
 .note.GNU-stack
                0x0000000000000000        0x0 binaries/dhcp.o
 .note.GNU-stack
                0x0000000000000000        0x0 binaries/dot2ip.o
 .note.GNU-stack
                0x0000000000000000        0x0 binaries/hexdump.o
 .note.GNU-stack
                0x0000000000000000        0x0 binaries/icmp.o
 .note.GNU-stack
                0x0000000000000000        0x0 binaries/ip.o
 .note.GNU-stack
                0x0000000000000000        0x0 binaries/net.o
 .note.GNU-stack
                0x0000000000000000        0x0 binaries/netstart.o
 .note.GNU-stack
                0x0000000000000000        0x0 binaries/pdump.o
 .note.GNU-stack
                0x0000000000000000        0x0 binaries/tftp.o
 .note.GNU-stack
                0x0000000000000000        0x0 binaries/udp.o
 .note.GNU-stack
                0x0000000000000000        0x0 binaries/addargs.o
 .note.GNU-stack
                0x0000000000000000        0x0 binaries/lexan.o
 .note.GNU-stack
                0x0000000000000000        0x0 binaries/shell.o
 .note.GNU-stack
                0x0000000000000000        0x0 binaries/xsh_argecho.o
 .note.GNU-stack
                0x0000000000000000        0x0 binaries/xsh_arp.o
 .note.GNU-stack
                0x0000000000000000        0x0 binaries/xsh_cat.o
 .note.GNU-stack
                0x0000000000000000        0x0 binaries/xsh_clear.o
 .note.GNU-stack
                0x0000000000000000        0x0 binaries/xsh_date.o
 .note.GNU-stack
                0x0000000000000000        0x0 binaries/xsh_devdump.o
 .note.GNU-stack
                0x0000000000000000        0x0 binaries/xsh_echo.o
 .note.GNU-stack
                0x0000000000000000        0x0 binaries/xsh_exit.o
 .note.GNU-stack
                0x0000000000000000        0x0 binaries/xsh_help.o
 .note.GNU-stack
                0x0000000000000000        0x0 binaries/xsh_ipaddr.o
 .note.GNU-stack
                0x0000000000000000        0x0 binaries/xsh_kill.o
 .note.GNU-stack
                0x0000000000000000        0x0 binaries/xsh_memdump.o
 .note.GNU-stack
                0x0000000000000000        0x0 binaries/xsh_memstat.o
 .note.GNU-stack
                0x0000000000000000        0x0 binaries/xsh_ping.o
 .note.GNU-stack
                0x0000000000000000        0x0 binaries/xsh_ps.o
 .note.GNU-stack
                0x0000000000000000        0x0 binaries/xsh_sleep.o
 .note.GNU-stack
                0x0000000000000000        0x0 binaries/xsh_udpdump.o
 .note.GNU-stack
                0x0000000000000000        0x0 binaries/xsh_udpecho.o
 .note.GNU-stack
                0x0000000000000000        0x0 binaries/xsh_udpeserver.o
 .note.GNU-stack
                0x0000000000000000        0x0 binaries/xsh_uptime.o
 .note.GNU-stack
                0x0000000000000000        0x0 binaries/allocate_bs.o
 .note.GNU-stack
                0x0000000000000000        0x0 binaries/close_bs.o
 .note.GNU-stack
                0x0000000000000000        0x0 binaries/deallocate_bs.o
 .note.GNU-stack
                0x0000000000000000        0x0 binaries/get_bs.o
 .note.GNU-stack
                0x0000000000000000        0x0 binaries/open_bs.o
 .note.GNU-stack
                0x0000000000000000        0x0 binaries/psinit.o
 .note.GNU-stack
                0x0000000000000000        0x0 binaries/read_bs.o
 .note.GNU-stack
                0x0000000000000000        0x0 binaries/release_bs.o
 .note.GNU-stack
                0x0000000000000000        0x0 binaries/write_bs.o
